Archive member included to satisfy reference by file (symbol)

d:/program files (x86)/stm32cubeide_1.3.0/stm32cubeide/plugins/com.st.stm32cube.ide.mcu.externaltools.gnu-tools-for-stm32.7-2018-q2-update.win32_1.0.0.201904181610/tools/bin/../lib/gcc/arm-none-eabi/7.3.1/../../../../arm-none-eabi/lib/thumb/v7e-m/fpv4-sp/hard\libc_nano.a(lib_a-errno.o)
                              Core/Src/syscalls.o (__errno)
d:/program files (x86)/stm32cubeide_1.3.0/stm32cubeide/plugins/com.st.stm32cube.ide.mcu.externaltools.gnu-tools-for-stm32.7-2018-q2-update.win32_1.0.0.201904181610/tools/bin/../lib/gcc/arm-none-eabi/7.3.1/../../../../arm-none-eabi/lib/thumb/v7e-m/fpv4-sp/hard\libc_nano.a(lib_a-exit.o)
                              d:/program files (x86)/stm32cubeide_1.3.0/stm32cubeide/plugins/com.st.stm32cube.ide.mcu.externaltools.gnu-tools-for-stm32.7-2018-q2-update.win32_1.0.0.201904181610/tools/bin/../lib/gcc/arm-none-eabi/7.3.1/../../../../arm-none-eabi/lib/thumb/v7e-m/fpv4-sp/hard/crt0.o (exit)
d:/program files (x86)/stm32cubeide_1.3.0/stm32cubeide/plugins/com.st.stm32cube.ide.mcu.externaltools.gnu-tools-for-stm32.7-2018-q2-update.win32_1.0.0.201904181610/tools/bin/../lib/gcc/arm-none-eabi/7.3.1/../../../../arm-none-eabi/lib/thumb/v7e-m/fpv4-sp/hard\libc_nano.a(lib_a-impure.o)
                              d:/program files (x86)/stm32cubeide_1.3.0/stm32cubeide/plugins/com.st.stm32cube.ide.mcu.externaltools.gnu-tools-for-stm32.7-2018-q2-update.win32_1.0.0.201904181610/tools/bin/../lib/gcc/arm-none-eabi/7.3.1/../../../../arm-none-eabi/lib/thumb/v7e-m/fpv4-sp/hard\libc_nano.a(lib_a-exit.o) (_global_impure_ptr)
d:/program files (x86)/stm32cubeide_1.3.0/stm32cubeide/plugins/com.st.stm32cube.ide.mcu.externaltools.gnu-tools-for-stm32.7-2018-q2-update.win32_1.0.0.201904181610/tools/bin/../lib/gcc/arm-none-eabi/7.3.1/../../../../arm-none-eabi/lib/thumb/v7e-m/fpv4-sp/hard\libc_nano.a(lib_a-init.o)
                              d:/program files (x86)/stm32cubeide_1.3.0/stm32cubeide/plugins/com.st.stm32cube.ide.mcu.externaltools.gnu-tools-for-stm32.7-2018-q2-update.win32_1.0.0.201904181610/tools/bin/../lib/gcc/arm-none-eabi/7.3.1/../../../../arm-none-eabi/lib/thumb/v7e-m/fpv4-sp/hard/crt0.o (__libc_init_array)
d:/program files (x86)/stm32cubeide_1.3.0/stm32cubeide/plugins/com.st.stm32cube.ide.mcu.externaltools.gnu-tools-for-stm32.7-2018-q2-update.win32_1.0.0.201904181610/tools/bin/../lib/gcc/arm-none-eabi/7.3.1/../../../../arm-none-eabi/lib/thumb/v7e-m/fpv4-sp/hard\libc_nano.a(lib_a-memset.o)
                              d:/program files (x86)/stm32cubeide_1.3.0/stm32cubeide/plugins/com.st.stm32cube.ide.mcu.externaltools.gnu-tools-for-stm32.7-2018-q2-update.win32_1.0.0.201904181610/tools/bin/../lib/gcc/arm-none-eabi/7.3.1/../../../../arm-none-eabi/lib/thumb/v7e-m/fpv4-sp/hard/crt0.o (memset)

Allocating common symbols
Common symbol       size              file

j                   0x4               Core/Src/main.o
SensButton3         0x1               Core/Src/main.o
uwTick              0x4               Drivers/STM32L4xx_HAL_Driver/Src/stm32l4xx_hal.o
Button1wasPressed   0x1               Core/Src/main.o
SensButton1         0x1               Core/Src/main.o
i                   0x4               Core/Src/main.o
SensButton2         0x1               Core/Src/main.o
ToggleVar1          0x1               Core/Src/main.o
Button2wasPressed   0x1               Core/Src/main.o

Discarded input sections

 .text          0x0000000000000000        0x0 d:/program files (x86)/stm32cubeide_1.3.0/stm32cubeide/plugins/com.st.stm32cube.ide.mcu.externaltools.gnu-tools-for-stm32.7-2018-q2-update.win32_1.0.0.201904181610/tools/bin/../lib/gcc/arm-none-eabi/7.3.1/thumb/v7e-m/fpv4-sp/hard/crti.o
 .data          0x0000000000000000        0x0 d:/program files (x86)/stm32cubeide_1.3.0/stm32cubeide/plugins/com.st.stm32cube.ide.mcu.externaltools.gnu-tools-for-stm32.7-2018-q2-update.win32_1.0.0.201904181610/tools/bin/../lib/gcc/arm-none-eabi/7.3.1/thumb/v7e-m/fpv4-sp/hard/crti.o
 .bss           0x0000000000000000        0x0 d:/program files (x86)/stm32cubeide_1.3.0/stm32cubeide/plugins/com.st.stm32cube.ide.mcu.externaltools.gnu-tools-for-stm32.7-2018-q2-update.win32_1.0.0.201904181610/tools/bin/../lib/gcc/arm-none-eabi/7.3.1/thumb/v7e-m/fpv4-sp/hard/crti.o
 .data          0x0000000000000000        0x4 d:/program files (x86)/stm32cubeide_1.3.0/stm32cubeide/plugins/com.st.stm32cube.ide.mcu.externaltools.gnu-tools-for-stm32.7-2018-q2-update.win32_1.0.0.201904181610/tools/bin/../lib/gcc/arm-none-eabi/7.3.1/thumb/v7e-m/fpv4-sp/hard/crtbegin.o
 .text          0x0000000000000000       0x74 d:/program files (x86)/stm32cubeide_1.3.0/stm32cubeide/plugins/com.st.stm32cube.ide.mcu.externaltools.gnu-tools-for-stm32.7-2018-q2-update.win32_1.0.0.201904181610/tools/bin/../lib/gcc/arm-none-eabi/7.3.1/../../../../arm-none-eabi/lib/thumb/v7e-m/fpv4-sp/hard/crt0.o
[...]
Memory Configuration

Name             Origin             Length             Attributes
RAM              0x0000000020000000 0x0000000000010000 xrw
FLASH            0x0000000008000000 0x0000000000020000 xr
*default*        0x0000000000000000 0xffffffffffffffff

Linker script and memory map

LOAD d:/program files (x86)/stm32cubeide_1.3.0/stm32cubeide/plugins/com.st.stm32cube.ide.mcu.externaltools.gnu-tools-for-stm32.7-2018-q2-update.win32_1.0.0.201904181610/tools/bin/../lib/gcc/arm-none-eabi/7.3.1/thumb/v7e-m/fpv4-sp/hard/crti.o
LOAD d:/program files (x86)/stm32cubeide_1.3.0/stm32cubeide/plugins/com.st.stm32cube.ide.mcu.externaltools.gnu-tools-for-stm32.7-2018-q2-update.win32_1.0.0.201904181610/tools/bin/../lib/gcc/arm-none-eabi/7.3.1/thumb/v7e-m/fpv4-sp/hard/crtbegin.o
LOAD d:/program files (x86)/stm32cubeide_1.3.0/stm32cubeide/plugins/com.st.stm32cube.ide.mcu.externaltools.gnu-tools-for-stm32.7-2018-q2-update.win32_1.0.0.201904181610/tools/bin/../lib/gcc/arm-none-eabi/7.3.1/../../../../arm-none-eabi/lib/thumb/v7e-m/fpv4-sp/hard/crt0.o
LOAD Core/Src/7led.o
LOAD Core/Src/main.o
LOAD Core/Src/stm32l4xx_hal_msp.o
LOAD Core/Src/stm32l4xx_it.o
LOAD Core/Src/syscalls.o
LOAD Core/Src/sysmem.o
LOAD Core/Src/system_stm32l4xx.o
LOAD Core/Startup/startup_stm32l433cbtx.o
LOAD Drivers/STM32L4xx_HAL_Driver/Src/stm32l4xx_hal.o
LOAD Drivers/STM32L4xx_HAL_Driver/Src/stm32l4xx_hal_cortex.o
LOAD Drivers/STM32L4xx_HAL_Driver/Src/stm32l4xx_hal_dma.o
LOAD Drivers/STM32L4xx_HAL_Driver/Src/stm32l4xx_hal_dma_ex.o
LOAD Drivers/STM32L4xx_HAL_Driver/Src/stm32l4xx_hal_exti.o
LOAD Drivers/STM32L4xx_HAL_Driver/Src/stm32l4xx_hal_flash.o
LOAD Drivers/STM32L4xx_HAL_Driver/Src/stm32l4xx_hal_flash_ex.o
LOAD Drivers/STM32L4xx_HAL_Driver/Src/stm32l4xx_hal_flash_ramfunc.o
LOAD Drivers/STM32L4xx_HAL_Driver/Src/stm32l4xx_hal_gpio.o
LOAD Drivers/STM32L4xx_HAL_Driver/Src/stm32l4xx_hal_i2c.o
LOAD Drivers/STM32L4xx_HAL_Driver/Src/stm32l4xx_hal_i2c_ex.o
LOAD Drivers/STM32L4xx_HAL_Driver/Src/stm32l4xx_hal_pwr.o
LOAD Drivers/STM32L4xx_HAL_Driver/Src/stm32l4xx_hal_pwr_ex.o
LOAD Drivers/STM32L4xx_HAL_Driver/Src/stm32l4xx_hal_rcc.o
LOAD Drivers/STM32L4xx_HAL_Driver/Src/stm32l4xx_hal_rcc_ex.o
LOAD Drivers/STM32L4xx_HAL_Driver/Src/stm32l4xx_hal_tim.o
LOAD Drivers/STM32L4xx_HAL_Driver/Src/stm32l4xx_hal_tim_ex.o
START GROUP
LOAD d:/program files (x86)/stm32cubeide_1.3.0/stm32cubeide/plugins/com.st.stm32cube.ide.mcu.externaltools.gnu-tools-for-stm32.7-2018-q2-update.win32_1.0.0.201904181610/tools/bin/../lib/gcc/arm-none-eabi/7.3.1/../../../../arm-none-eabi/lib/thumb/v7e-m/fpv4-sp/hard\libc_nano.a
LOAD d:/program files (x86)/stm32cubeide_1.3.0/stm32cubeide/plugins/com.st.stm32cube.ide.mcu.externaltools.gnu-tools-for-stm32.7-2018-q2-update.win32_1.0.0.201904181610/tools/bin/../lib/gcc/arm-none-eabi/7.3.1/../../../../arm-none-eabi/lib/thumb/v7e-m/fpv4-sp/hard\libm.a
END GROUP
START GROUP
LOAD d:/program files (x86)/stm32cubeide_1.3.0/stm32cubeide/plugins/com.st.stm32cube.ide.mcu.externaltools.gnu-tools-for-stm32.7-2018-q2-update.win32_1.0.0.201904181610/tools/bin/../lib/gcc/arm-none-eabi/7.3.1/thumb/v7e-m/fpv4-sp/hard\libgcc.a
LOAD d:/program files (x86)/stm32cubeide_1.3.0/stm32cubeide/plugins/com.st.stm32cube.ide.mcu.externaltools.gnu-tools-for-stm32.7-2018-q2-update.win32_1.0.0.201904181610/tools/bin/../lib/gcc/arm-none-eabi/7.3.1/../../../../arm-none-eabi/lib/thumb/v7e-m/fpv4-sp/hard\libc_nano.a
END GROUP
START GROUP
LOAD d:/program files (x86)/stm32cubeide_1.3.0/stm32cubeide/plugins/com.st.stm32cube.ide.mcu.externaltools.gnu-tools-for-stm32.7-2018-q2-update.win32_1.0.0.201904181610/tools/bin/../lib/gcc/arm-none-eabi/7.3.1/thumb/v7e-m/fpv4-sp/hard\libgcc.a
LOAD d:/program files (x86)/stm32cubeide_1.3.0/stm32cubeide/plugins/com.st.stm32cube.ide.mcu.externaltools.gnu-tools-for-stm32.7-2018-q2-update.win32_1.0.0.201904181610/tools/bin/../lib/gcc/arm-none-eabi/7.3.1/../../../../arm-none-eabi/lib/thumb/v7e-m/fpv4-sp/hard\libc_nano.a
LOAD d:/program files (x86)/stm32cubeide_1.3.0/stm32cubeide/plugins/com.st.stm32cube.ide.mcu.externaltools.gnu-tools-for-stm32.7-2018-q2-update.win32_1.0.0.201904181610/tools/bin/../lib/gcc/arm-none-eabi/7.3.1/../../../../arm-none-eabi/lib/thumb/v7e-m/fpv4-sp/hard\libnosys.a
END GROUP
START GROUP
LOAD d:/program files (x86)/stm32cubeide_1.3.0/stm32cubeide/plugins/com.st.stm32cube.ide.mcu.externaltools.gnu-tools-for-stm32.7-2018-q2-update.win32_1.0.0.201904181610/tools/bin/../lib/gcc/arm-none-eabi/7.3.1/thumb/v7e-m/fpv4-sp/hard\libgcc.a
LOAD d:/program files (x86)/stm32cubeide_1.3.0/stm32cubeide/plugins/com.st.stm32cube.ide.mcu.externaltools.gnu-tools-for-stm32.7-2018-q2-update.win32_1.0.0.201904181610/tools/bin/../lib/gcc/arm-none-eabi/7.3.1/../../../../arm-none-eabi/lib/thumb/v7e-m/fpv4-sp/hard\libc_nano.a
LOAD d:/program files (x86)/stm32cubeide_1.3.0/stm32cubeide/plugins/com.st.stm32cube.ide.mcu.externaltools.gnu-tools-for-stm32.7-2018-q2-update.win32_1.0.0.201904181610/tools/bin/../lib/gcc/arm-none-eabi/7.3.1/../../../../arm-none-eabi/lib/thumb/v7e-m/fpv4-sp/hard\libnosys.a
END GROUP
LOAD d:/program files (x86)/stm32cubeide_1.3.0/stm32cubeide/plugins/com.st.stm32cube.ide.mcu.externaltools.gnu-tools-for-stm32.7-2018-q2-update.win32_1.0.0.201904181610/tools/bin/../lib/gcc/arm-none-eabi/7.3.1/thumb/v7e-m/fpv4-sp/hard/crtend.o
LOAD d:/program files (x86)/stm32cubeide_1.3.0/stm32cubeide/plugins/com.st.stm32cube.ide.mcu.externaltools.gnu-tools-for-stm32.7-2018-q2-update.win32_1.0.0.201904181610/tools/bin/../lib/gcc/arm-none-eabi/7.3.1/thumb/v7e-m/fpv4-sp/hard/crtn.o
                0x0000000020010000                _estack = (ORIGIN (RAM) + LENGTH (RAM))
                0x0000000000000200                _Min_Heap_Size = 0x200
                0x0000000000000400                _Min_Stack_Size = 0x400

.isr_vector     0x0000000008000000      0x18c
                0x0000000008000000                . = ALIGN (0x4)
 *(.isr_vector)
 .isr_vector    0x0000000008000000      0x18c Core/Startup/startup_stm32l433cbtx.o
                0x0000000008000000                g_pfnVectors
                0x000000000800018c                . = ALIGN (0x4)

.text           0x000000000800018c     0x1f88
                0x000000000800018c                . = ALIGN (0x4)
 *(.text)
 .text          0x000000000800018c       0x40 d:/program files (x86)/stm32cubeide_1.3.0/stm32cubeide/plugins/com.st.stm32cube.ide.mcu.externaltools.gnu-tools-for-stm32.7-2018-q2-update.win32_1.0.0.201904181610/tools/bin/../lib/gcc/arm-none-eabi/7.3.1/thumb/v7e-m/fpv4-sp/hard/crtbegin.o
 *(.text*)
 .text.led      0x00000000080001cc      0x740 Core/Src/7led.o
                0x00000000080001cc                led
 .text.main     0x000000000800090c      0x19c Core/Src/main.o
                0x000000000800090c                main
 .text.SystemClock_Config
                0x0000000008000aa8       0x8c Core/Src/main.o
                0x0000000008000aa8                SystemClock_Config
 .text.MX_GPIO_Init
                0x0000000008000b34       0xe4 Core/Src/main.o
 .text.Error_Handler
                0x0000000008000c18        0xe Core/Src/main.o
                0x0000000008000c18                Error_Handler
 *fill*         0x0000000008000c26        0x2 
 .text.HAL_MspInit
                0x0000000008000c28       0x48 Core/Src/stm32l4xx_hal_msp.o
                0x0000000008000c28                HAL_MspInit
 .text.NMI_Handler
                0x0000000008000c70        0xe Core/Src/stm32l4xx_it.o
                0x0000000008000c70                NMI_Handler
 .text.HardFault_Handler
                0x0000000008000c7e        0x6 Core/Src/stm32l4xx_it.o
                0x0000000008000c7e                HardFault_Handler
 .text.MemManage_Handler
                0x0000000008000c84        0x6 Core/Src/stm32l4xx_it.o
                0x0000000008000c84                MemManage_Handler
 .text.BusFault_Handler
                0x0000000008000c8a        0x6 Core/Src/stm32l4xx_it.o
                0x0000000008000c8a                BusFault_Handler
 .text.UsageFault_Handler
                0x0000000008000c90        0x6 Core/Src/stm32l4xx_it.o
                0x0000000008000c90                UsageFault_Handler
 .text.SVC_Handler
                0x0000000008000c96        0xe Core/Src/stm32l4xx_it.o
                0x0000000008000c96                SVC_Handler
 .text.DebugMon_Handler
                0x0000000008000ca4        0xe Core/Src/stm32l4xx_it.o
                0x0000000008000ca4                DebugMon_Handler
 .text.PendSV_Handler
                0x0000000008000cb2        0xe Core/Src/stm32l4xx_it.o
                0x0000000008000cb2                PendSV_Handler
 .text.SysTick_Handler
                0x0000000008000cc0        0xc Core/Src/stm32l4xx_it.o
                0x0000000008000cc0                SysTick_Handler
 .text.SystemInit
                0x0000000008000ccc       0x6c Core/Src/system_stm32l4xx.o
                0x0000000008000ccc                SystemInit
 .text.Reset_Handler
                0x0000000008000d38       0x50 Core/Startup/startup_stm32l433cbtx.o
                0x0000000008000d38                Reset_Handler
 .text.Default_Handler
                0x0000000008000d88        0x2 Core/Startup/startup_stm32l433cbtx.o
                0x0000000008000d88                RTC_Alarm_IRQHandler
                0x0000000008000d88                EXTI2_IRQHandler
                0x0000000008000d88                TIM1_CC_IRQHandler
                0x0000000008000d88                TSC_IRQHandler
                0x0000000008000d88                TAMP_STAMP_IRQHandler
                0x0000000008000d88                EXTI3_IRQHandler
                0x0000000008000d88                LPTIM2_IRQHandler
                0x0000000008000d88                I2C3_ER_IRQHandler
                0x0000000008000d88                EXTI0_IRQHandler
                0x0000000008000d88                I2C2_EV_IRQHandler
                0x0000000008000d88                CAN1_RX0_IRQHandler
                0x0000000008000d88                FPU_IRQHandler
                0x0000000008000d88                TIM1_UP_TIM16_IRQHandler
                0x0000000008000d88                SPI1_IRQHandler
                0x0000000008000d88                TIM6_DAC_IRQHandler
                0x0000000008000d88                DMA2_Channel2_IRQHandler
                0x0000000008000d88                DMA1_Channel4_IRQHandler
                0x0000000008000d88                ADC1_IRQHandler
                0x0000000008000d88                USART3_IRQHandler
                0x0000000008000d88                DMA1_Channel7_IRQHandler
                0x0000000008000d88                CAN1_RX1_IRQHandler
                0x0000000008000d88                LCD_IRQHandler
                0x0000000008000d88                DMA2_Channel1_IRQHandler
                0x0000000008000d88                QUADSPI_IRQHandler
                0x0000000008000d88                I2C1_EV_IRQHandler
                0x0000000008000d88                DMA1_Channel6_IRQHandler
                0x0000000008000d88                DMA2_Channel4_IRQHandler
                0x0000000008000d88                RCC_IRQHandler
                0x0000000008000d88                TIM1_TRG_COM_IRQHandler
                0x0000000008000d88                DMA1_Channel1_IRQHandler
                0x0000000008000d88                Default_Handler
                0x0000000008000d88                DMA2_Channel7_IRQHandler
                0x0000000008000d88                EXTI15_10_IRQHandler
                0x0000000008000d88                TIM7_IRQHandler
                0x0000000008000d88                SDMMC1_IRQHandler
                0x0000000008000d88                I2C3_EV_IRQHandler
                0x0000000008000d88                USB_IRQHandler
                0x0000000008000d88                EXTI9_5_IRQHandler
                0x0000000008000d88                RTC_WKUP_IRQHandler
                0x0000000008000d88                PVD_PVM_IRQHandler
                0x0000000008000d88                SPI2_IRQHandler
                0x0000000008000d88                CAN1_TX_IRQHandler
                0x0000000008000d88                DMA2_Channel5_IRQHandler
                0x0000000008000d88                CRS_IRQHandler
                0x0000000008000d88                DMA1_Channel5_IRQHandler
                0x0000000008000d88                EXTI4_IRQHandler
                0x0000000008000d88                RNG_IRQHandler
                0x0000000008000d88                DMA1_Channel3_IRQHandler
                0x0000000008000d88                COMP_IRQHandler
                0x0000000008000d88                WWDG_IRQHandler
                0x0000000008000d88                LPUART1_IRQHandler
                0x0000000008000d88                DMA2_Channel6_IRQHandler
                0x0000000008000d88                TIM2_IRQHandler
                0x0000000008000d88                EXTI1_IRQHandler
                0x0000000008000d88                USART2_IRQHandler
                0x0000000008000d88                I2C2_ER_IRQHandler
                0x0000000008000d88                DMA1_Channel2_IRQHandler
                0x0000000008000d88                CAN1_SCE_IRQHandler
                0x0000000008000d88                FLASH_IRQHandler
                0x0000000008000d88                USART1_IRQHandler
                0x0000000008000d88                SPI3_IRQHandler
                0x0000000008000d88                I2C1_ER_IRQHandler
                0x0000000008000d88                SWPMI1_IRQHandler
                0x0000000008000d88                LPTIM1_IRQHandler
                0x0000000008000d88                SAI1_IRQHandler
                0x0000000008000d88                DMA2_Channel3_IRQHandler
                0x0000000008000d88                TIM1_BRK_TIM15_IRQHandler
 .text.HAL_Init
                0x0000000008000d8a       0x30 Drivers/STM32L4xx_HAL_Driver/Src/stm32l4xx_hal.o
                0x0000000008000d8a                HAL_Init
 *fill*         0x0000000008000dba        0x2 
 .text.HAL_InitTick
                0x0000000008000dbc       0x74 Drivers/STM32L4xx_HAL_Driver/Src/stm32l4xx_hal.o
                0x0000000008000dbc                HAL_InitTick
 .text.HAL_IncTick
                0x0000000008000e30       0x24 Drivers/STM32L4xx_HAL_Driver/Src/stm32l4xx_hal.o
                0x0000000008000e30                HAL_IncTick
 .text.HAL_GetTick
                0x0000000008000e54       0x18 Drivers/STM32L4xx_HAL_Driver/Src/stm32l4xx_hal.o
                0x0000000008000e54                HAL_GetTick
 .text.HAL_Delay
                0x0000000008000e6c       0x44 Drivers/STM32L4xx_HAL_Driver/Src/stm32l4xx_hal.o
                0x0000000008000e6c                HAL_Delay
 .text.__NVIC_SetPriorityGrouping
                0x0000000008000eb0       0x48 Drivers/STM32L4xx_HAL_Driver/Src/stm32l4xx_hal_cortex.o
 .text.__NVIC_GetPriorityGrouping
                0x0000000008000ef8       0x1c Drivers/STM32L4xx_HAL_Driver/Src/stm32l4xx_hal_cortex.o
 .text.__NVIC_SetPriority
                0x0000000008000f14       0x54 Drivers/STM32L4xx_HAL_Driver/Src/stm32l4xx_hal_cortex.o
 .text.NVIC_EncodePriority
                0x0000000008000f68       0x66 Drivers/STM32L4xx_HAL_Driver/Src/stm32l4xx_hal_cortex.o
 *fill*         0x0000000008000fce        0x2 
 .text.SysTick_Config
                0x0000000008000fd0       0x44 Drivers/STM32L4xx_HAL_Driver/Src/stm32l4xx_hal_cortex.o
 .text.HAL_NVIC_SetPriorityGrouping
                0x0000000008001014       0x16 Drivers/STM32L4xx_HAL_Driver/Src/stm32l4xx_hal_cortex.o
                0x0000000008001014                HAL_NVIC_SetPriorityGrouping
 .text.HAL_NVIC_SetPriority
                0x000000000800102a       0x38 Drivers/STM32L4xx_HAL_Driver/Src/stm32l4xx_hal_cortex.o
                0x000000000800102a                HAL_NVIC_SetPriority
 .text.HAL_SYSTICK_Config
                0x0000000008001062       0x18 Drivers/STM32L4xx_HAL_Driver/Src/stm32l4xx_hal_cortex.o
                0x0000000008001062                HAL_SYSTICK_Config
 *fill*         0x000000000800107a        0x2 
 .text.HAL_GPIO_Init
                0x000000000800107c      0x2f4 Drivers/STM32L4xx_HAL_Driver/Src/stm32l4xx_hal_gpio.o
                0x000000000800107c                HAL_GPIO_Init
 .text.HAL_GPIO_ReadPin
                0x0000000008001370       0x30 Drivers/STM32L4xx_HAL_Driver/Src/stm32l4xx_hal_gpio.o
                0x0000000008001370                HAL_GPIO_ReadPin
 .text.HAL_GPIO_WritePin
                0x00000000080013a0       0x30 Drivers/STM32L4xx_HAL_Driver/Src/stm32l4xx_hal_gpio.o
                0x00000000080013a0                HAL_GPIO_WritePin
 .text.HAL_GPIO_TogglePin
                0x00000000080013d0       0x32 Drivers/STM32L4xx_HAL_Driver/Src/stm32l4xx_hal_gpio.o
                0x00000000080013d0                HAL_GPIO_TogglePin
 *fill*         0x0000000008001402        0x2 
 .text.HAL_PWREx_GetVoltageRange
                0x0000000008001404       0x1c Drivers/STM32L4xx_HAL_Driver/Src/stm32l4xx_hal_pwr_ex.o
                0x0000000008001404                HAL_PWREx_GetVoltageRange
 .text.HAL_PWREx_ControlVoltageScaling
                0x0000000008001420       0xac Drivers/STM32L4xx_HAL_Driver/Src/stm32l4xx_hal_pwr_ex.o
                0x0000000008001420                HAL_PWREx_ControlVoltageScaling
 .text.HAL_RCC_OscConfig
                0x00000000080014cc      0x840 Drivers/STM32L4xx_HAL_Driver/Src/stm32l4xx_hal_rcc.o
                0x00000000080014cc                HAL_RCC_OscConfig
 .text.HAL_RCC_ClockConfig
                0x0000000008001d0c      0x1c4 Drivers/STM32L4xx_HAL_Driver/Src/stm32l4xx_hal_rcc.o
                0x0000000008001d0c                HAL_RCC_ClockConfig
 .text.HAL_RCC_GetSysClockFreq
                0x0000000008001ed0      0x114 Drivers/STM32L4xx_HAL_Driver/Src/stm32l4xx_hal_rcc.o
                0x0000000008001ed0                HAL_RCC_GetSysClockFreq
 .text.RCC_SetFlashLatencyFromMSIRange
                0x0000000008001fe4       0xc0 Drivers/STM32L4xx_HAL_Driver/Src/stm32l4xx_hal_rcc.o
 .text.__libc_init_array
                0x00000000080020a4       0x48 d:/program files (x86)/stm32cubeide_1.3.0/stm32cubeide/plugins/com.st.stm32cube.ide.mcu.externaltools.gnu-tools-for-stm32.7-2018-q2-update.win32_1.0.0.201904181610/tools/bin/../lib/gcc/arm-none-eabi/7.3.1/../../../../arm-none-eabi/lib/thumb/v7e-m/fpv4-sp/hard\libc_nano.a(lib_a-init.o)
                0x00000000080020a4                __libc_init_array
 .text.memset   0x00000000080020ec       0x10 d:/program files (x86)/stm32cubeide_1.3.0/stm32cubeide/plugins/com.st.stm32cube.ide.mcu.externaltools.gnu-tools-for-stm32.7-2018-q2-update.win32_1.0.0.201904181610/tools/bin/../lib/gcc/arm-none-eabi/7.3.1/../../../../arm-none-eabi/lib/thumb/v7e-m/fpv4-sp/hard\libc_nano.a(lib_a-memset.o)
                0x00000000080020ec                memset
 *(.glue_7)
 .glue_7        0x00000000080020fc        0x0 linker stubs
 *(.glue_7t)
 .glue_7t       0x00000000080020fc        0x0 linker stubs
 *(.eh_frame)
 .eh_frame      0x00000000080020fc        0x0 d:/program files (x86)/stm32cubeide_1.3.0/stm32cubeide/plugins/com.st.stm32cube.ide.mcu.externaltools.gnu-tools-for-stm32.7-2018-q2-update.win32_1.0.0.201904181610/tools/bin/../lib/gcc/arm-none-eabi/7.3.1/thumb/v7e-m/fpv4-sp/hard/crtbegin.o
 *(.init)
 .init          0x00000000080020fc        0x4 d:/program files (x86)/stm32cubeide_1.3.0/stm32cubeide/plugins/com.st.stm32cube.ide.mcu.externaltools.gnu-tools-for-stm32.7-2018-q2-update.win32_1.0.0.201904181610/tools/bin/../lib/gcc/arm-none-eabi/7.3.1/thumb/v7e-m/fpv4-sp/hard/crti.o
                0x00000000080020fc                _init
 .init          0x0000000008002100        0x8 d:/program files (x86)/stm32cubeide_1.3.0/stm32cubeide/plugins/com.st.stm32cube.ide.mcu.externaltools.gnu-tools-for-stm32.7-2018-q2-update.win32_1.0.0.201904181610/tools/bin/../lib/gcc/arm-none-eabi/7.3.1/thumb/v7e-m/fpv4-sp/hard/crtn.o
 *(.fini)
 .fini          0x0000000008002108        0x4 d:/program files (x86)/stm32cubeide_1.3.0/stm32cubeide/plugins/com.st.stm32cube.ide.mcu.externaltools.gnu-tools-for-stm32.7-2018-q2-update.win32_1.0.0.201904181610/tools/bin/../lib/gcc/arm-none-eabi/7.3.1/thumb/v7e-m/fpv4-sp/hard/crti.o
                0x0000000008002108                _fini
 .fini          0x000000000800210c        0x8 d:/program files (x86)/stm32cubeide_1.3.0/stm32cubeide/plugins/com.st.stm32cube.ide.mcu.externaltools.gnu-tools-for-stm32.7-2018-q2-update.win32_1.0.0.201904181610/tools/bin/../lib/gcc/arm-none-eabi/7.3.1/thumb/v7e-m/fpv4-sp/hard/crtn.o
                0x0000000008002114                . = ALIGN (0x4)
                0x0000000008002114                _etext = .

.vfp11_veneer   0x0000000008002114        0x0
 .vfp11_veneer  0x0000000008002114        0x0 linker stubs

.v4_bx          0x0000000008002114        0x0
 .v4_bx         0x0000000008002114        0x0 linker stubs

.iplt           0x0000000008002114        0x0
 .iplt          0x0000000008002114        0x0 d:/program files (x86)/stm32cubeide_1.3.0/stm32cubeide/plugins/com.st.stm32cube.ide.mcu.externaltools.gnu-tools-for-stm32.7-2018-q2-update.win32_1.0.0.201904181610/tools/bin/../lib/gcc/arm-none-eabi/7.3.1/thumb/v7e-m/fpv4-sp/hard/crtbegin.o

.rodata         0x0000000008002114       0x40
                0x0000000008002114                . = ALIGN (0x4)
 *(.rodata)
 *(.rodata*)
 .rodata.AHBPrescTable
                0x0000000008002114       0x10 Core/Src/system_stm32l4xx.o
                0x0000000008002114                AHBPrescTable
 .rodata.MSIRangeTable
                0x0000000008002124       0x30 Core/Src/system_stm32l4xx.o
                0x0000000008002124                MSIRangeTable
                0x0000000008002154                . = ALIGN (0x4)

.rel.dyn        0x0000000008002154        0x0
 .rel.iplt      0x0000000008002154        0x0 d:/program files (x86)/stm32cubeide_1.3.0/stm32cubeide/plugins/com.st.stm32cube.ide.mcu.externaltools.gnu-tools-for-stm32.7-2018-q2-update.win32_1.0.0.201904181610/tools/bin/../lib/gcc/arm-none-eabi/7.3.1/thumb/v7e-m/fpv4-sp/hard/crtbegin.o

.ARM.extab      0x0000000008002154        0x0
                0x0000000008002154                . = ALIGN (0x4)
 *(.ARM.extab* .gnu.linkonce.armextab.*)
                0x0000000008002154                . = ALIGN (0x4)

.ARM            0x0000000008002154        0x0
                0x0000000008002154                . = ALIGN (0x4)
                0x0000000008002154                __exidx_start = .
 *(.ARM.exidx*)
                0x0000000008002154                __exidx_end = .
                0x0000000008002154                . = ALIGN (0x4)

.preinit_array  0x0000000008002154        0x0
                0x0000000008002154                . = ALIGN (0x4)
                0x0000000008002154                PROVIDE (__preinit_array_start = .)
 *(.preinit_array*)
                0x0000000008002154                PROVIDE (__preinit_array_end = .)
                0x0000000008002154                . = ALIGN (0x4)

.init_array     0x0000000008002154        0x4
                0x0000000008002154                . = ALIGN (0x4)
                0x0000000008002154                PROVIDE (__init_array_start = .)
 *(SORT_BY_NAME(.init_array.*))
 *(.init_array*)
 .init_array    0x0000000008002154        0x4 d:/program files (x86)/stm32cubeide_1.3.0/stm32cubeide/plugins/com.st.stm32cube.ide.mcu.externaltools.gnu-tools-for-stm32.7-2018-q2-update.win32_1.0.0.201904181610/tools/bin/../lib/gcc/arm-none-eabi/7.3.1/thumb/v7e-m/fpv4-sp/hard/crtbegin.o
                0x0000000008002158                PROVIDE (__init_array_end = .)
                0x0000000008002158                . = ALIGN (0x4)

.fini_array     0x0000000008002158        0x4
                0x0000000008002158                . = ALIGN (0x4)
                [!provide]                        PROVIDE (__fini_array_start = .)
 *(SORT_BY_NAME(.fini_array.*))
 *(.fini_array*)
 .fini_array    0x0000000008002158        0x4 d:/program files (x86)/stm32cubeide_1.3.0/stm32cubeide/plugins/com.st.stm32cube.ide.mcu.externaltools.gnu-tools-for-stm32.7-2018-q2-update.win32_1.0.0.201904181610/tools/bin/../lib/gcc/arm-none-eabi/7.3.1/thumb/v7e-m/fpv4-sp/hard/crtbegin.o
                [!provide]                        PROVIDE (__fini_array_end = .)
                0x000000000800215c                . = ALIGN (0x4)
                0x000000000800215c                _sidata = LOADADDR (.data)

.data           0x0000000020000000        0xc load address 0x000000000800215c
                0x0000000020000000                . = ALIGN (0x4)
                0x0000000020000000                _sdata = .
 *(.data)
 *(.data*)
 .data.SystemCoreClock
                0x0000000020000000        0x4 Core/Src/system_stm32l4xx.o
                0x0000000020000000                SystemCoreClock
 .data.uwTickPrio
                0x0000000020000004        0x4 Drivers/STM32L4xx_HAL_Driver/Src/stm32l4xx_hal.o
                0x0000000020000004                uwTickPrio
 .data.uwTickFreq
                0x0000000020000008        0x4 Drivers/STM32L4xx_HAL_Driver/Src/stm32l4xx_hal.o
                0x0000000020000008                uwTickFreq
                0x000000002000000c                . = ALIGN (0x4)
                0x000000002000000c                _edata = .

.igot.plt       0x000000002000000c        0x0 load address 0x0000000008002168
 .igot.plt      0x000000002000000c        0x0 d:/program files (x86)/stm32cubeide_1.3.0/stm32cubeide/plugins/com.st.stm32cube.ide.mcu.externaltools.gnu-tools-for-stm32.7-2018-q2-update.win32_1.0.0.201904181610/tools/bin/../lib/gcc/arm-none-eabi/7.3.1/thumb/v7e-m/fpv4-sp/hard/crtbegin.o
                0x000000002000000c                . = ALIGN (0x4)

.bss            0x000000002000000c       0x30 load address 0x0000000008002168
                0x000000002000000c                _sbss = .
                0x000000002000000c                __bss_start__ = _sbss
 *(.bss)
 .bss           0x000000002000000c       0x1c d:/program files (x86)/stm32cubeide_1.3.0/stm32cubeide/plugins/com.st.stm32cube.ide.mcu.externaltools.gnu-tools-for-stm32.7-2018-q2-update.win32_1.0.0.201904181610/tools/bin/../lib/gcc/arm-none-eabi/7.3.1/thumb/v7e-m/fpv4-sp/hard/crtbegin.o
 *(.bss*)
 *(COMMON)
 COMMON         0x0000000020000028        0xf Core/Src/main.o
                0x0000000020000028                j
                0x000000002000002c                SensButton3
                0x000000002000002d                Button1wasPressed
                0x000000002000002e                SensButton1
                0x0000000020000030                i
                0x0000000020000034                SensButton2
                0x0000000020000035                ToggleVar1
                0x0000000020000036                Button2wasPressed
 *fill*         0x0000000020000037        0x1 
 COMMON         0x0000000020000038        0x4 Drivers/STM32L4xx_HAL_Driver/Src/stm32l4xx_hal.o
                0x0000000020000038                uwTick
                0x000000002000003c                . = ALIGN (0x4)
                0x000000002000003c                _ebss = .
                0x000000002000003c                __bss_end__ = _ebss

._user_heap_stack
                0x000000002000003c      0x604 load address 0x0000000008002168
                0x0000000020000040                . = ALIGN (0x8)
 *fill*         0x000000002000003c        0x4 
                0x0000000020000040                PROVIDE (end = .)
                [!provide]                        PROVIDE (_end = .)
                0x0000000020000240                . = (. + _Min_Heap_Size)
 *fill*         0x0000000020000040      0x200 
                0x0000000020000640                . = (. + _Min_Stack_Size)
 *fill*         0x0000000020000240      0x400 
                0x0000000020000640                . = ALIGN (0x8)

/DISCARD/
 libc.a(*)
 libm.a(*)
 libgcc.a(*)

.ARM.attributes
                0x0000000000000000       0x30
 *(.ARM.attributes)
 .ARM.attributes
                0x0000000000000000       0x22 d:/program files (x86)/stm32cubeide_1.3.0/stm32cubeide/plugins/com.st.stm32cube.ide.mcu.externaltools.gnu-tools-for-stm32.7-2018-q2-update.win32_1.0.0.201904181610/tools/bin/../lib/gcc/arm-none-eabi/7.3.1/thumb/v7e-m/fpv4-sp/hard/crti.o
 .ARM.attributes
                0x0000000000000022       0x34 d:/program files (x86)/stm32cubeide_1.3.0/stm32cubeide/plugins/com.st.stm32cube.ide.mcu.externaltools.gnu-tools-for-stm32.7-2018-q2-update.win32_1.0.0.201904181610/tools/bin/../lib/gcc/arm-none-eabi/7.3.1/thumb/v7e-m/fpv4-sp/hard/crtbegin.o
 .ARM.attributes
                0x0000000000000056       0x39 Core/Src/7led.o
 .ARM.attributes
                0x000000000000008f       0x39 Core/Src/main.o
 .ARM.attributes
                0x00000000000000c8       0x39 Core/Src/stm32l4xx_hal_msp.o
 .ARM.attributes
                0x0000000000000101       0x39 Core/Src/stm32l4xx_it.o
 .ARM.attributes
                0x000000000000013a       0x39 Core/Src/system_stm32l4xx.o
 .ARM.attributes
                0x0000000000000173       0x21 Core/Startup/startup_stm32l433cbtx.o
 .ARM.attributes
                0x0000000000000194       0x39 Drivers/STM32L4xx_HAL_Driver/Src/stm32l4xx_hal.o
 .ARM.attributes
                0x00000000000001cd       0x39 Drivers/STM32L4xx_HAL_Driver/Src/stm32l4xx_hal_cortex.o
 .ARM.attributes
                0x0000000000000206       0x39 Drivers/STM32L4xx_HAL_Driver/Src/stm32l4xx_hal_gpio.o
 .ARM.attributes
                0x000000000000023f       0x39 Drivers/STM32L4xx_HAL_Driver/Src/stm32l4xx_hal_pwr_ex.o
 .ARM.attributes
                0x0000000000000278       0x39 Drivers/STM32L4xx_HAL_Driver/Src/stm32l4xx_hal_rcc.o
 .ARM.attributes
                0x00000000000002b1       0x34 d:/program files (x86)/stm32cubeide_1.3.0/stm32cubeide/plugins/com.st.stm32cube.ide.mcu.externaltools.gnu-tools-for-stm32.7-2018-q2-update.win32_1.0.0.201904181610/tools/bin/../lib/gcc/arm-none-eabi/7.3.1/../../../../arm-none-eabi/lib/thumb/v7e-m/fpv4-sp/hard\libc_nano.a(lib_a-init.o)
 .ARM.attributes
                0x00000000000002e5       0x34 d:/program files (x86)/stm32cubeide_1.3.0/stm32cubeide/plugins/com.st.stm32cube.ide.mcu.externaltools.gnu-tools-for-stm32.7-2018-q2-update.win32_1.0.0.201904181610/tools/bin/../lib/gcc/arm-none-eabi/7.3.1/../../../../arm-none-eabi/lib/thumb/v7e-m/fpv4-sp/hard\libc_nano.a(lib_a-memset.o)
 .ARM.attributes
                0x0000000000000319       0x22 d:/program files (x86)/stm32cubeide_1.3.0/stm32cubeide/plugins/com.st.stm32cube.ide.mcu.externaltools.gnu-tools-for-stm32.7-2018-q2-update.win32_1.0.0.201904181610/tools/bin/../lib/gcc/arm-none-eabi/7.3.1/thumb/v7e-m/fpv4-sp/hard/crtn.o
OUTPUT(L433_Test.elf elf32-littlearm)

.debug_info     0x0000000000000000     0x564f
 .debug_info    0x0000000000000000      0x386 Core/Src/7led.o
 .debug_info    0x0000000000000386      0x869 Core/Src/main.o
 .debug_info    0x0000000000000bef      0x4d5 Core/Src/stm32l4xx_hal_msp.o
 .debug_info    0x00000000000010c4      0x318 Core/Src/stm32l4xx_it.o
 .debug_info    0x00000000000013dc      0x703 Core/Src/system_stm32l4xx.o
 .debug_info    0x0000000000001adf       0x22 Core/Startup/startup_stm32l433cbtx.o
 .debug_info    0x0000000000001b01      0xb93 Drivers/STM32L4xx_HAL_Driver/Src/stm32l4xx_hal.o
 .debug_info    0x0000000000002694      0xee2 Drivers/STM32L4xx_HAL_Driver/Src/stm32l4xx_hal_cortex.o
 .debug_info    0x0000000000003576      0x982 Drivers/STM32L4xx_HAL_Driver/Src/stm32l4xx_hal_gpio.o
 .debug_info    0x0000000000003ef8      0xaaa Drivers/STM32L4xx_HAL_Driver/Src/stm32l4xx_hal_pwr_ex.o
 .debug_info    0x00000000000049a2      0xcad Drivers/STM32L4xx_HAL_Driver/Src/stm32l4xx_hal_rcc.o

.debug_abbrev   0x0000000000000000     0x10e1
 .debug_abbrev  0x0000000000000000      0x111 Core/Src/7led.o
 .debug_abbrev  0x0000000000000111      0x1a2 Core/Src/main.o
 .debug_abbrev  0x00000000000002b3      0x125 Core/Src/stm32l4xx_hal_msp.o
 .debug_abbrev  0x00000000000003d8       0xe2 Core/Src/stm32l4xx_it.o
 .debug_abbrev  0x00000000000004ba      0x150 Core/Src/system_stm32l4xx.o
 .debug_abbrev  0x000000000000060a       0x12 Core/Startup/startup_stm32l433cbtx.o
 .debug_abbrev  0x000000000000061c      0x1fb Drivers/STM32L4xx_HAL_Driver/Src/stm32l4xx_hal.o
 .debug_abbrev  0x0000000000000817      0x2fa Drivers/STM32L4xx_HAL_Driver/Src/stm32l4xx_hal_cortex.o
 .debug_abbrev  0x0000000000000b11      0x1c0 Drivers/STM32L4xx_HAL_Driver/Src/stm32l4xx_hal_gpio.o
 .debug_abbrev  0x0000000000000cd1      0x1cb Drivers/STM32L4xx_HAL_Driver/Src/stm32l4xx_hal_pwr_ex.o
 .debug_abbrev  0x0000000000000e9c      0x245 Drivers/STM32L4xx_HAL_Driver/Src/stm32l4xx_hal_rcc.o

.debug_aranges  0x0000000000000000      0x578
 .debug_aranges
                0x0000000000000000       0x20 Core/Src/7led.o
 .debug_aranges
                0x0000000000000020       0x38 Core/Src/main.o
 .debug_aranges
                0x0000000000000058       0x20 Core/Src/stm32l4xx_hal_msp.o
 .debug_aranges
                0x0000000000000078       0x60 Core/Src/stm32l4xx_it.o
 .debug_aranges
                0x00000000000000d8       0x28 Core/Src/system_stm32l4xx.o
 .debug_aranges
                0x0000000000000100       0x28 Core/Startup/startup_stm32l433cbtx.o
 .debug_aranges
                0x0000000000000128      0x130 Drivers/STM32L4xx_HAL_Driver/Src/stm32l4xx_hal.o
 .debug_aranges
                0x0000000000000258      0x118 Drivers/STM32L4xx_HAL_Driver/Src/stm32l4xx_hal_cortex.o
 .debug_aranges
                0x0000000000000370       0x58 Drivers/STM32L4xx_HAL_Driver/Src/stm32l4xx_hal_gpio.o
 .debug_aranges
                0x00000000000003c8      0x128 Drivers/STM32L4xx_HAL_Driver/Src/stm32l4xx_hal_pwr_ex.o
 .debug_aranges
                0x00000000000004f0       0x88 Drivers/STM32L4xx_HAL_Driver/Src/stm32l4xx_hal_rcc.o

.debug_ranges   0x0000000000000000      0x4d0
 .debug_ranges  0x0000000000000000       0x10 Core/Src/7led.o
 .debug_ranges  0x0000000000000010       0x28 Core/Src/main.o
 .debug_ranges  0x0000000000000038       0x10 Core/Src/stm32l4xx_hal_msp.o
 .debug_ranges  0x0000000000000048       0x50 Core/Src/stm32l4xx_it.o
 .debug_ranges  0x0000000000000098       0x18 Core/Src/system_stm32l4xx.o
 .debug_ranges  0x00000000000000b0       0x20 Core/Startup/startup_stm32l433cbtx.o
 .debug_ranges  0x00000000000000d0      0x120 Drivers/STM32L4xx_HAL_Driver/Src/stm32l4xx_hal.o
 .debug_ranges  0x00000000000001f0      0x108 Drivers/STM32L4xx_HAL_Driver/Src/stm32l4xx_hal_cortex.o
 .debug_ranges  0x00000000000002f8       0x48 Drivers/STM32L4xx_HAL_Driver/Src/stm32l4xx_hal_gpio.o
 .debug_ranges  0x0000000000000340      0x118 Drivers/STM32L4xx_HAL_Driver/Src/stm32l4xx_hal_pwr_ex.o
 .debug_ranges  0x0000000000000458       0x78 Drivers/STM32L4xx_HAL_Driver/Src/stm32l4xx_hal_rcc.o

.debug_macro    0x0000000000000000    0x202bd
 .debug_macro   0x0000000000000000      0x1d0 Core/Src/7led.o
 .debug_macro   0x00000000000001d0      0xa5a Core/Src/7led.o
 .debug_macro   0x0000000000000c2a       0xb4 Core/Src/7led.o
 .debug_macro   0x0000000000000cde       0x2e Core/Src/7led.o
 .debug_macro   0x0000000000000d0c       0x28 Core/Src/7led.o
 .debug_macro   0x0000000000000d34       0x22 Core/Src/7led.o
 .debug_macro   0x0000000000000d56       0x8e Core/Src/7led.o
 .debug_macro   0x0000000000000de4       0x51 Core/Src/7led.o
 .debug_macro   0x0000000000000e35       0xef Core/Src/7led.o
 .debug_macro   0x0000000000000f24       0x6a Core/Src/7led.o
 .debug_macro   0x0000000000000f8e      0x1df Core/Src/7led.o
 .debug_macro   0x000000000000116d       0x1c Core/Src/7led.o
 .debug_macro   0x0000000000001189       0x22 Core/Src/7led.o
 .debug_macro   0x00000000000011ab       0xdf Core/Src/7led.o
 .debug_macro   0x000000000000128a     0x102d Core/Src/7led.o
 .debug_macro   0x00000000000022b7      0x11f Core/Src/7led.o
 .debug_macro   0x00000000000023d6    0x16122 Core/Src/7led.o
 .debug_macro   0x00000000000184f8       0x43 Core/Src/7led.o
 .debug_macro   0x000000000001853b     0x3890 Core/Src/7led.o
 .debug_macro   0x000000000001bdcb      0x174 Core/Src/7led.o
 .debug_macro   0x000000000001bf3f       0x5c Core/Src/7led.o
 .debug_macro   0x000000000001bf9b     0x1375 Core/Src/7led.o
 .debug_macro   0x000000000001d310      0x5d6 Core/Src/7led.o
 .debug_macro   0x000000000001d8e6      0x241 Core/Src/7led.o
 .debug_macro   0x000000000001db27      0x13d Core/Src/7led.o
 .debug_macro   0x000000000001dc64      0x130 Core/Src/7led.o
 .debug_macro   0x000000000001dd94      0x26b Core/Src/7led.o
 .debug_macro   0x000000000001dfff      0x23d Core/Src/7led.o
 .debug_macro   0x000000000001e23c      0x375 Core/Src/7led.o
 .debug_macro   0x000000000001e5b1       0xd6 Core/Src/7led.o
 .debug_macro   0x000000000001e687      0x22c Core/Src/7led.o
 .debug_macro   0x000000000001e8b3       0x5e Core/Src/7led.o
 .debug_macro   0x000000000001e911       0xa5 Core/Src/7led.o
 .debug_macro   0x000000000001e9b6      0x122 Core/Src/7led.o
 .debug_macro   0x000000000001ead8      0x365 Core/Src/7led.o
 .debug_macro   0x000000000001ee3d      0x287 Core/Src/7led.o
 .debug_macro   0x000000000001f0c4      0x100 Core/Src/7led.o
 .debug_macro   0x000000000001f1c4      0x1d0 Core/Src/main.o
 .debug_macro   0x000000000001f394      0x1d0 Core/Src/stm32l4xx_hal_msp.o
 .debug_macro   0x000000000001f564      0x1da Core/Src/stm32l4xx_it.o
 .debug_macro   0x000000000001f73e      0x1c7 Core/Src/system_stm32l4xx.o
 .debug_macro   0x000000000001f905      0x20f Drivers/STM32L4xx_HAL_Driver/Src/stm32l4xx_hal.o
 .debug_macro   0x000000000001fb14      0x1c1 Drivers/STM32L4xx_HAL_Driver/Src/stm32l4xx_hal_cortex.o
 .debug_macro   0x000000000001fcd5      0x200 Drivers/STM32L4xx_HAL_Driver/Src/stm32l4xx_hal_gpio.o
 .debug_macro   0x000000000001fed5      0x1e5 Drivers/STM32L4xx_HAL_Driver/Src/stm32l4xx_hal_pwr_ex.o
 .debug_macro   0x00000000000200ba      0x203 Drivers/STM32L4xx_HAL_Driver/Src/stm32l4xx_hal_rcc.o

.debug_line     0x0000000000000000     0x573d
 .debug_line    0x0000000000000000      0x7b4 Core/Src/7led.o
 .debug_line    0x00000000000007b4      0x796 Core/Src/main.o
 .debug_line    0x0000000000000f4a      0x71c Core/Src/stm32l4xx_hal_msp.o
 .debug_line    0x0000000000001666      0x7c0 Core/Src/stm32l4xx_it.o
 .debug_line    0x0000000000001e26      0x747 Core/Src/system_stm32l4xx.o
 .debug_line    0x000000000000256d       0x85 Core/Startup/startup_stm32l433cbtx.o
 .debug_line    0x00000000000025f2      0x9ba Drivers/STM32L4xx_HAL_Driver/Src/stm32l4xx_hal.o
 .debug_line    0x0000000000002fac      0xa43 Drivers/STM32L4xx_HAL_Driver/Src/stm32l4xx_hal_cortex.o
 .debug_line    0x00000000000039ef      0x8ae Drivers/STM32L4xx_HAL_Driver/Src/stm32l4xx_hal_gpio.o
 .debug_line    0x000000000000429d      0xa5e Drivers/STM32L4xx_HAL_Driver/Src/stm32l4xx_hal_pwr_ex.o
 .debug_line    0x0000000000004cfb      0xa42 Drivers/STM32L4xx_HAL_Driver/Src/stm32l4xx_hal_rcc.o

.debug_str      0x0000000000000000    0xc29ce
 .debug_str     0x0000000000000000    0xc0d18 Core/Src/7led.o
                                      0xc0fd4 (size before relaxing)
 .debug_str     0x00000000000c0d18      0x39a Core/Src/main.o
                                      0xc1357 (size before relaxing)
 .debug_str     0x00000000000c10b2       0x2c Core/Src/stm32l4xx_hal_msp.o
                                      0xc10de (size before relaxing)
 .debug_str     0x00000000000c10de       0xbd Core/Src/stm32l4xx_it.o
                                      0xc101c (size before relaxing)
 .debug_str     0x00000000000c119b       0xcd Core/Src/system_stm32l4xx.o
                                      0xc0da1 (size before relaxing)
 .debug_str     0x00000000000c1268       0x36 Core/Startup/startup_stm32l433cbtx.o
                                         0x5a (size before relaxing)
 .debug_str     0x00000000000c129e      0x968 Drivers/STM32L4xx_HAL_Driver/Src/stm32l4xx_hal.o
                                      0xc17a7 (size before relaxing)
 .debug_str     0x00000000000c1c06      0x39e Drivers/STM32L4xx_HAL_Driver/Src/stm32l4xx_hal_cortex.o
                                      0xc1520 (size before relaxing)
 .debug_str     0x00000000000c1fa4      0x23b Drivers/STM32L4xx_HAL_Driver/Src/stm32l4xx_hal_gpio.o
                                      0xc101b (size before relaxing)
 .debug_str     0x00000000000c21df      0x45a Drivers/STM32L4xx_HAL_Driver/Src/stm32l4xx_hal_pwr_ex.o
                                      0xc1244 (size before relaxing)
 .debug_str     0x00000000000c2639      0x395 Drivers/STM32L4xx_HAL_Driver/Src/stm32l4xx_hal_rcc.o
                                      0xc131d (size before relaxing)

.comment        0x0000000000000000       0x7b
 .comment       0x0000000000000000       0x7b Core/Src/7led.o
                                         0x7c (size before relaxing)
 .comment       0x000000000000007b       0x7c Core/Src/main.o
 .comment       0x000000000000007b       0x7c Core/Src/stm32l4xx_hal_msp.o
 .comment       0x000000000000007b       0x7c Core/Src/stm32l4xx_it.o
 .comment       0x000000000000007b       0x7c Core/Src/system_stm32l4xx.o
 .comment       0x000000000000007b       0x7c Drivers/STM32L4xx_HAL_Driver/Src/stm32l4xx_hal.o
 .comment       0x000000000000007b       0x7c Drivers/STM32L4xx_HAL_Driver/Src/stm32l4xx_hal_cortex.o
 .comment       0x000000000000007b       0x7c Drivers/STM32L4xx_HAL_Driver/Src/stm32l4xx_hal_gpio.o
 .comment       0x000000000000007b       0x7c Drivers/STM32L4xx_HAL_Driver/Src/stm32l4xx_hal_pwr_ex.o
 .comment       0x000000000000007b       0x7c Drivers/STM32L4xx_HAL_Driver/Src/stm32l4xx_hal_rcc.o

.debug_frame    0x0000000000000000     0x13c8
 .debug_frame   0x0000000000000000       0x38 Core/Src/7led.o
 .debug_frame   0x0000000000000038       0x94 Core/Src/main.o
 .debug_frame   0x00000000000000cc       0x38 Core/Src/stm32l4xx_hal_msp.o
 .debug_frame   0x0000000000000104      0x10c Core/Src/stm32l4xx_it.o
 .debug_frame   0x0000000000000210       0x58 Core/Src/system_stm32l4xx.o
 .debug_frame   0x0000000000000268      0x498 Drivers/STM32L4xx_HAL_Driver/Src/stm32l4xx_hal.o
 .debug_frame   0x0000000000000700      0x498 Drivers/STM32L4xx_HAL_Driver/Src/stm32l4xx_hal_cortex.o
 .debug_frame   0x0000000000000b98      0x14c Drivers/STM32L4xx_HAL_Driver/Src/stm32l4xx_hal_gpio.o
 .debug_frame   0x0000000000000ce4      0x4a4 Drivers/STM32L4xx_HAL_Driver/Src/stm32l4xx_hal_pwr_ex.o
 .debug_frame   0x0000000000001188      0x1f4 Drivers/STM32L4xx_HAL_Driver/Src/stm32l4xx_hal_rcc.o
 .debug_frame   0x000000000000137c       0x2c d:/program files (x86)/stm32cubeide_1.3.0/stm32cubeide/plugins/com.st.stm32cube.ide.mcu.externaltools.gnu-tools-for-stm32.7-2018-q2-update.win32_1.0.0.201904181610/tools/bin/../lib/gcc/arm-none-eabi/7.3.1/../../../../arm-none-eabi/lib/thumb/v7e-m/fpv4-sp/hard\libc_nano.a(lib_a-init.o)
 .debug_frame   0x00000000000013a8       0x20 d:/program files (x86)/stm32cubeide_1.3.0/stm32cubeide/plugins/com.st.stm32cube.ide.mcu.externaltools.gnu-tools-for-stm32.7-2018-q2-update.win32_1.0.0.201904181610/tools/bin/../lib/gcc/arm-none-eabi/7.3.1/../../../../arm-none-eabi/lib/thumb/v7e-m/fpv4-sp/hard\libc_nano.a(lib_a-memset.o)
